../Core/Src/TraceRecorder/trcKernelPort.c:134:13:xTraceKernelPortGetUnusedStack	16	static
../Core/Src/TraceRecorder/trcKernelPort.c:143:13:xTraceKernelPortDelay	16	static
../Core/Src/TraceRecorder/trcKernelPort.c:150:15:xTraceKernelPortIsSchedulerSuspended	8	static
../Core/Src/TraceRecorder/trcKernelPort.c:171:13:xTraceKernelPortInitialize	16	static
../Core/Src/TraceRecorder/trcKernelPort.c:188:13:xTraceKernelPortEnable	32	static
../Core/Src/TraceRecorder/trcKernelPort.c:235:8:TzCtrl	16	static
../Core/Src/TraceRecorder/trcKernelPort.c:249:6:vTraceSetQueueName	16	static
../Core/Src/TraceRecorder/trcKernelPort.c:254:6:vTraceSetSemaphoreName	16	static
../Core/Src/TraceRecorder/trcKernelPort.c:259:6:vTraceSetMutexName	16	static
../Core/Src/TraceRecorder/trcKernelPort.c:266:6:vTraceSetEventGroupName	16	static
../Core/Src/TraceRecorder/trcKernelPort.c:275:6:vTraceSetStreamBufferName	16	static
../Core/Src/TraceRecorder/trcKernelPort.c:280:6:vTraceSetMessageBufferName	16	static
../Core/Src/TraceRecorder/trcKernelPort.c:289:19:xTraceKernelPortGetSystemHeapHandle	4	static
