../Core/Src/main.c:103:5:main	8	static
../Core/Src/main.c:206:6:SystemClock_Config	96	static
../Core/Src/main.c:267:13:MX_DFSDM1_Init	8	static
../Core/Src/main.c:305:13:MX_I2C2_Init	8	static
../Core/Src/main.c:353:13:MX_QUADSPI_Init	8	static
../Core/Src/main.c:386:13:MX_SPI3_Init	8	static
../Core/Src/main.c:426:13:MX_USART1_UART_Init	8	static
../Core/Src/main.c:461:13:MX_USART3_UART_Init	8	static
../Core/Src/main.c:496:13:MX_USB_OTG_FS_PCD_Init	8	static
../Core/Src/main.c:529:13:MX_DMA_Init	16	static
../Core/Src/main.c:547:13:MX_GPIO_Init	48	static
../Core/Src/main.c:752:6:StartTXTask	24	static
../Core/Src/main.c:770:6:StartBGTask	24	static
../Core/Src/main.c:799:6:HAL_TIM_PeriodElapsedCallback	16	static
../Core/Src/main.c:816:6:Error_Handler	4	static,ignoring_inline_asm
